// Jest Snapshot v1, https://goo.gl/fbAQLP

exports[`<Alerts /> renders correctly 1`] = `
<DashboardCard
  className={null}
>
  <DashboardCardHeader
    className={null}
  >
    <DashboardCardTitle>
      Alerts
    </DashboardCardTitle>
  </DashboardCardHeader>
  <DashboardCardBody
    LoadingComponent={[Function]}
    isLoading={false}
  >
    <AlertsBody
      alerts={
        Array [
          Object {
            "annotations": Object {
              "message": "Critical alert",
            },
            "labels": Object {
              "alertname": "fooName",
              "severity": "critical",
            },
          },
          Object {
            "annotations": Object {
              "message": "unknown type alert",
            },
            "labels": Object {
              "alertname": "fooName",
              "severity": "unknown",
            },
          },
          Object {
            "annotations": Object {
              "message": "20% of the metrics targets are down.",
            },
            "labels": Object {
              "alertname": "TargetDown",
              "severity": "warning",
            },
          },
        ]
      }
    />
  </DashboardCardBody>
</DashboardCard>
`;
